[debug] [2026-10-03T08:20:03.155Z] ----------------------------------------------------------------------
[debug] [2026-10-03T08:20:03.162Z] Command:       C:\Users\BALACH~1.D\Desktop\firebase-tools-instant-win.exe C:\Users\balachandra.d\.cache\firebase\tools\lib\node_modules\firebase-tools\lib\bin\firebase init hosting
[debug] [2026-10-03T08:20:03.163Z] CLI Version:   14.1.0
[debug] [2026-10-03T08:20:03.163Z] Platform:      win32
[debug] [2026-10-03T08:20:03.163Z] Node Version:  v20.18.2
[debug] [2026-10-03T08:20:03.163Z] Time:          Sat Oct 03 2026 13:50:03 GMT+0530 (India Standard Time)
[debug] [2026-10-03T08:20:03.163Z] ----------------------------------------------------------------------
[debug] 
[debug] [2026-10-03T08:20:03.373Z] > command requires scopes: ["email","openid","https://www.googleapis.com/auth/cloudplatformprojects.readonly","https://www.googleapis.com/auth/firebase","https://www.googleapis.com/auth/cloud-platform"]
[debug] [2026-10-03T08:20:03.374Z] > authorizing via signed-in user (chandrachandra98765@gmail.com)
[info] 
     ######## #### ########  ######## ########     ###     ######  ########
     ##        ##  ##     ## ##       ##     ##  ##   ##  ##       ##
     ######    ##  ########  ######   ########  #########  ######  ######
     ##        ##  ##    ##  ##       ##     ## ##     ##       ## ##
     ##       #### ##     ## ######## ########  ##     ##  ######  ########

You're about to initialize a Firebase project in this directory:

  D:\private\html-learning-library

Before we get started, keep in mind:

  * You are initializing within an existing Firebase project directory

[info] 
=== Project Setup
[info] 
[info] First, let's associate this project directory with a Firebase project.
[info] You can create multiple project aliases by running firebase use --add, 
[info] but for now we'll just set up a default project.
[info] 
[debug] [2026-10-03T08:20:30.963Z] Checked if tokens are valid: true, expires at: 1791019062863
[debug] [2026-10-03T08:20:30.963Z] Checked if tokens are valid: true, expires at: 1791019062863
[debug] [2026-10-03T08:20:30.965Z] >>> [apiv2][query] GET https://firebase.googleapis.com/v1beta1/projects pageSize=100
[debug] [2026-10-03T08:20:31.957Z] <<< [apiv2][status] GET https://firebase.googleapis.com/v1beta1/projects 200
[debug] [2026-10-03T08:20:31.957Z] <<< [apiv2][body] GET https://firebase.googleapis.com/v1beta1/projects [omitted]
[info] i  Using project learning-library-c4f41 (Learning Library) 
[info] 
=== Hosting Setup
[debug] [2026-10-03T08:20:34.508Z] Checked if tokens are valid: true, expires at: 1791019062863
[debug] [2026-10-03T08:20:34.508Z] Checked if tokens are valid: true, expires at: 1791019062863
[debug] [2026-10-03T08:20:34.508Z] >>> [apiv2][query] GET https://firebase.googleapis.com/v1beta1/projects/learning-library-c4f41 [none]
[debug] [2026-10-03T08:20:35.108Z] <<< [apiv2][status] GET https://firebase.googleapis.com/v1beta1/projects/learning-library-c4f41 200
[debug] [2026-10-03T08:20:35.108Z] <<< [apiv2][body] GET https://firebase.googleapis.com/v1beta1/projects/learning-library-c4f41 {"projectId":"learning-library-c4f41","projectNumber":"254629109771","displayName":"Learning Library","name":"projects/learning-library-c4f41","resources":{"hostingSite":"learning-library-c4f41"},"state":"ACTIVE","labels":{"firebase":"enabled"},"etag":"1_e6280fe9-2a67-47ef-a983-657e0f745362"}
[info] 
[info] Your public directory is the folder (relative to your project directory) that
[info] will contain Hosting assets to be uploaded with firebase deploy. If you
[info] have a build process for your assets, use your build's output directory.
[info] 
[debug] [2026-10-03T08:20:51.093Z] >>> [apiv2][query] GET https://www.gstatic.com/firebasejs/releases.json [none]
[debug] [2026-10-03T08:20:51.191Z] <<< [apiv2][status] GET https://www.gstatic.com/firebasejs/releases.json 200
[debug] [2026-10-03T08:20:51.191Z] <<< [apiv2][body] GET https://www.gstatic.com/firebasejs/releases.json {"current":{"version":"12.19.0","browserURL":"https://www.gstatic.com/firebasejs/12.19.0/firebase.js","packageURL":"https://www.gstatic.com/firebasejs/12.19.0/firebase.tgz"},"live":{"version":"12.19","browserURL":"https://www.gstatic.com/firebasejs/live/12.19/firebase.js","packageURL":"https://www.gstatic.com/firebasejs/live/12.19/firebase.tgz"},"components":{"ai":"https://www.gstatic.com/firebasejs/12.19.0/firebase-ai.js","analytics":"https://www.gstatic.com/firebasejs/12.19.0/firebase-analytics.js","app":"https://www.gstatic.com/firebasejs/12.19.0/firebase-app.js","app-check":"https://www.gstatic.com/firebasejs/12.19.0/firebase-app-check.js","auth":"https://www.gstatic.com/firebasejs/12.19.0/firebase-auth.js","auth/cordova":"https://www.gstatic.com/firebasejs/12.19.0/firebase-auth/cordova.js","auth/web-extension":"https://www.gstatic.com/firebasejs/12.19.0/firebase-auth/web-extension.js","functions":"https://www.gstatic.com/firebasejs/12.19.0/firebase-functions.js","firestore":"https://www.gstatic.com/firebasejs/12.19.0/firebase-firestore.js","firestore/lite":"https://www.gstatic.com/firebasejs/12.19.0/firebase-firestore/lite.js","firestore/pipelines":"https://www.gstatic.com/firebasejs/12.19.0/firebase-firestore/pipelines.js","firestore/lite/pipelines":"https://www.gstatic.com/firebasejs/12.19.0/firebase-firestore/lite/pipelines.js","installations":"https://www.gstatic.com/firebasejs/12.19.0/firebase-installations.js","storage":"https://www.gstatic.com/firebasejs/12.19.0/firebase-storage.js","performance":"https://www.gstatic.com/firebasejs/12.19.0/firebase-performance.js","remote-config":"https://www.gstatic.com/firebasejs/12.19.0/firebase-remote-config.js","messaging":"https://www.gstatic.com/firebasejs/12.19.0/firebase-messaging.js","messaging/sw":"https://www.gstatic.com/firebasejs/12.19.0/firebase-messaging/sw.js","database":"https://www.gstatic.com/firebasejs/12.19.0/firebase-database.js","data-connect":"https://www.gstatic.com/firebasejs/12.19.0/firebase-data-connect.js","firestore.memory":"https://www.gstatic.com/firebasejs/12.19.0/firebase-firestore.memory.js"}}
[info] +  Wrote public/index.html 
[info] 
[info] i  Didn't detect a .git folder. Assuming D:\private\html-learning-library is the project root. 
[info] i  Authorizing with GitHub to upload your service account to a GitHub repository's secrets store. 
[info] 
[info] Visit this URL on this device to log in:
[info] https://github.com/login/oauth/authorize?client_id=89cf50f02ac6aaed3484&state=624522201&redirect_uri=http%3A%2F%2Flocalhost%3A9005&scope=read%3Auser%20repo%20public_repo
[info] 
[info] Waiting for authentication...
[debug] [2026-10-03T08:22:10.069Z] >>> [apiv2][query] POST https://github.com/login/oauth/access_token [none]
[debug] [2026-10-03T08:22:10.069Z] >>> [apiv2][body] POST https://github.com/login/oauth/access_token [stream]
[debug] [2026-10-03T08:22:10.537Z] <<< [apiv2][status] POST https://github.com/login/oauth/access_token 200
[debug] [2026-10-03T08:22:10.537Z] <<< [apiv2][body] POST https://github.com/login/oauth/access_token {"access_token":"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","token_type":"bearer","scope":"read:user,repo"}
[debug] [2026-10-03T08:22:10.549Z] >>> [apiv2][query] GET https://api.github.com/user [none]
[debug] [2026-10-03T08:22:11.041Z] <<< [apiv2][status] GET https://api.github.com/user 200
[debug] [2026-10-03T08:22:11.041Z] <<< [apiv2][body] GET https://api.github.com/user {"login":"chandra1234456","id":101350596,"node_id":"U_kgDOBgp8xA","avatar_url":"https://avatars.githubusercontent.com/u/101350596?v=4","gravatar_id":"","url":"https://api.github.com/users/chandra1234456","html_url":"https://github.com/chandra1234456","followers_url":"https://api.github.com/users/chandra1234456/followers","following_url":"https://api.github.com/users/chandra1234456/following{/other_user}","gists_url":"https://api.github.com/users/chandra1234456/gists{/gist_id}","starred_url":"https://api.github.com/users/chandra1234456/starred{/owner}{/repo}","subscriptions_url":"https://api.github.com/users/chandra1234456/subscriptions","organizations_url":"https://api.github.com/users/chandra1234456/orgs","repos_url":"https://api.github.com/users/chandra1234456/repos","events_url":"https://api.github.com/users/chandra1234456/events{/privacy}","received_events_url":"https://api.github.com/users/chandra1234456/received_events","type":"User","user_view_type":"private","site_admin":false,"name":"Bala Chandra ","company":null,"blog":"","location":"Banglore","email":null,"hireable":null,"bio":null,"twitter_username":null,"notification_email":null,"public_repos":34,"public_gists":2,"followers":4,"following":30,"created_at":"2022-03-10T16:26:17Z","updated_at":"2026-10-03T08:22:05Z","private_gists":6,"total_private_repos":1,"owned_private_repos":1,"disk_usage":80659,"collaborators":0,"two_factor_authentication":true,"plan":{"name":"free","space":976562499,"collaborators":0,"private_repos":10000}}
[info] 
[info] +  Success! Logged into GitHub as chandra1234456 
[info] 
